 starting wrf task            1  of          160
 starting wrf task           14  of          160
 starting wrf task           13  of          160
 starting wrf task           15  of          160
 starting wrf task            0  of          160
 starting wrf task           11  of          160
 starting wrf task            6  of          160
 starting wrf task            7  of          160
 starting wrf task           10  of          160
 starting wrf task           16  of          160
 starting wrf task            3  of          160
 starting wrf task            4  of          160
 starting wrf task           12  of          160
 starting wrf task           18  of          160
 starting wrf task           19  of          160
 starting wrf task            5  of          160
 starting wrf task            2  of          160
 starting wrf task           17  of          160
 starting wrf task            9  of          160
 starting wrf task           41  of          160
 starting wrf task           54  of          160
 starting wrf task           48  of          160
 starting wrf task            8  of          160
 starting wrf task           59  of          160
 starting wrf task           52  of          160
 starting wrf task           56  of          160
 starting wrf task           42  of          160
 starting wrf task           43  of          160
 starting wrf task           49  of          160
 starting wrf task           50  of          160
 starting wrf task           58  of          160
 starting wrf task           32  of          160
 starting wrf task           46  of          160
 starting wrf task           34  of          160
 starting wrf task           66  of          160
 starting wrf task           40  of          160
 starting wrf task           35  of          160
 starting wrf task           60  of          160
 starting wrf task           55  of          160
 starting wrf task           39  of          160
 starting wrf task           63  of          160
 starting wrf task           51  of          160
 starting wrf task           28  of          160
 starting wrf task           72  of          160
 starting wrf task           57  of          160
 starting wrf task           27  of          160
 starting wrf task           67  of          160
 starting wrf task           45  of          160
 starting wrf task           37  of          160
 starting wrf task           70  of          160
 starting wrf task           44  of          160
 starting wrf task           22  of          160
 starting wrf task           79  of          160
 starting wrf task           53  of          160
 starting wrf task           23  of          160
 starting wrf task           74  of          160
 starting wrf task           47  of          160
 starting wrf task           38  of          160
 starting wrf task           78  of          160
 starting wrf task           73  of          160
 starting wrf task           31  of          160
 starting wrf task           68  of          160
 starting wrf task           20  of          160
 starting wrf task           65  of          160
 starting wrf task           24  of          160
 starting wrf task           61  of          160
 starting wrf task           30  of          160
 starting wrf task           64  of          160
 starting wrf task           36  of          160
 starting wrf task           75  of          160
 starting wrf task           29  of          160
 starting wrf task           21  of          160
 starting wrf task           71  of          160
 starting wrf task           25  of          160
 starting wrf task           77  of          160
 starting wrf task           33  of          160
 starting wrf task           76  of          160
 starting wrf task           26  of          160
 starting wrf task           69  of          160
 starting wrf task           62  of          160
 starting wrf task           88  of          160
 starting wrf task           89  of          160
 starting wrf task           90  of          160
 starting wrf task           94  of          160
 starting wrf task           96  of          160
 starting wrf task           97  of          160
 starting wrf task           98  of          160
 starting wrf task           99  of          160
 starting wrf task           81  of          160
 starting wrf task           83  of          160
 starting wrf task           84  of          160
 starting wrf task           85  of          160
 starting wrf task           86  of          160
 starting wrf task           87  of          160
 starting wrf task           91  of          160
 starting wrf task           92  of          160
 starting wrf task           93  of          160
 starting wrf task           95  of          160
 starting wrf task           80  of          160
 starting wrf task           82  of          160
 starting wrf task          157  of          160
 starting wrf task          150  of          160
 starting wrf task          152  of          160
 starting wrf task          153  of          160
 starting wrf task          154  of          160
 starting wrf task          155  of          160
 starting wrf task          156  of          160
 starting wrf task          158  of          160
 starting wrf task          159  of          160
 starting wrf task          140  of          160
 starting wrf task          141  of          160
 starting wrf task          142  of          160
 starting wrf task          143  of          160
 starting wrf task          145  of          160
 starting wrf task          146  of          160
 starting wrf task          147  of          160
 starting wrf task          148  of          160
 starting wrf task          149  of          160
 starting wrf task          151  of          160
 starting wrf task          144  of          160
 starting wrf task          120  of          160
 starting wrf task          103  of          160
 starting wrf task          105  of          160
 starting wrf task          121  of          160
 starting wrf task          122  of          160
 starting wrf task          106  of          160
 starting wrf task          123  of          160
 starting wrf task          108  of          160
 starting wrf task          124  of          160
 starting wrf task          109  of          160
 starting wrf task          125  of          160
 starting wrf task          111  of          160
 starting wrf task          127  of          160
 starting wrf task          112  of          160
 starting wrf task          128  of          160
 starting wrf task          113  of          160
 starting wrf task          129  of          160
 starting wrf task          115  of          160
 starting wrf task          131  of          160
 starting wrf task          116  of          160
 starting wrf task          132  of          160
 starting wrf task          133  of          160
 starting wrf task          134  of          160
 starting wrf task          117  of          160
 starting wrf task          135  of          160
 starting wrf task          118  of          160
 starting wrf task          136  of          160
 starting wrf task          100  of          160
 starting wrf task          137  of          160
 starting wrf task          101  of          160
 starting wrf task          102  of          160
 starting wrf task          138  of          160
 starting wrf task          130  of          160
 starting wrf task          107  of          160
 starting wrf task          139  of          160
 starting wrf task          110  of          160
 starting wrf task          126  of          160
 starting wrf task          114  of          160
 starting wrf task          119  of          160
 starting wrf task          104  of          160
slurmstepd: *** JOB 542195 CANCELLED AT 2016-03-15T15:03:01 DUE TO PREEMPTION on n0144.savio0 ***
mpirun: killing job...

