-------------------------------------------------------
Primary job  terminated normally, but 1 process returned
a non-zero exit code.. Per user-direction, the job has been aborted.
-------------------------------------------------------
./real.exe: error while loading shared libraries: libnetcdf.so.7: cannot open shared object file: No such file or directory
./real.exe: error while loading shared libraries: libnetcdf.so.7: cannot open shared object file: No such file or directory
./real.exe: error while loading shared libraries: libnetcdf.so.7: cannot open shared object file: No such file or directory
./real.exe: error while loading shared libraries: libnetcdf.so.7: cannot open shared object file: No such file or directory
./real.exe: error while loading shared libraries: libnetcdf.so.7: cannot open shared object file: No such file or directory
./real.exe: error while loading shared libraries: libnetcdf.so.7: cannot open shared object file: No such file or directory
./real.exe: error while loading shared libraries: libnetcdf.so.7: cannot open shared object file: No such file or directory
./real.exe: error while loading shared libraries: libnetcdf.so.7: cannot open shared object file: No such file or directory
./real.exe: error while loading shared libraries: libnetcdf.so.7: cannot open shared object file: No such file or directory
./real.exe: error while loading shared libraries: libnetcdf.so.7: cannot open shared object file: No such file or directory
./real.exe: error while loading shared libraries: libnetcdf.so.7: cannot open shared object file: No such file or directory
./real.exe: error while loading shared libraries: libnetcdf.so.7: cannot open shared object file: No such file or directory
./real.exe: error while loading shared libraries: libnetcdf.so.7: cannot open shared object file: No such file or directory
./real.exe: error while loading shared libraries: libnetcdf.so.7: cannot open shared object file: No such file or directory
./real.exe: error while loading shared libraries: libnetcdf.so.7: cannot open shared object file: No such file or directory
./real.exe: error while loading shared libraries: libnetcdf.so.7: cannot open shared object file: No such file or directory
./real.exe: error while loading shared libraries: libnetcdf.so.7: cannot open shared object file: No such file or directory
./real.exe: error while loading shared libraries: libnetcdf.so.7: cannot open shared object file: No such file or directory
./real.exe: error while loading shared libraries: libnetcdf.so.7: cannot open shared object file: No such file or directory
--------------------------------------------------------------------------
mpirun detected that one or more processes exited with non-zero status, thus causing
the job to be terminated. The first process to do so was:

  Process name: [[36995,1],0]
  Exit code:    127
--------------------------------------------------------------------------
