 starting wrf task           72  of           80
 starting wrf task           20  of           80
 starting wrf task           74  of           80
 starting wrf task           22  of           80
 starting wrf task           76  of           80
 starting wrf task           18  of           80
 starting wrf task           19  of           80
 starting wrf task            0  of           80
 starting wrf task            1  of           80
 starting wrf task            2  of           80
 starting wrf task            3  of           80
 starting wrf task            5  of           80
 starting wrf task            6  of           80
 starting wrf task            7  of           80
 starting wrf task            8  of           80
 starting wrf task            9  of           80
 starting wrf task           10  of           80
 starting wrf task           11  of           80
 starting wrf task           12  of           80
 starting wrf task           13  of           80
 starting wrf task           14  of           80
 starting wrf task           15  of           80
 starting wrf task           16  of           80
 starting wrf task           17  of           80
 starting wrf task           23  of           80
 starting wrf task           78  of           80
 starting wrf task            4  of           80
 starting wrf task           46  of           80
 starting wrf task           79  of           80
 starting wrf task           24  of           80
 starting wrf task           47  of           80
 starting wrf task           70  of           80
 starting wrf task           25  of           80
 starting wrf task           49  of           80
 starting wrf task           71  of           80
 starting wrf task           27  of           80
 starting wrf task           50  of           80
 starting wrf task           73  of           80
 starting wrf task           28  of           80
 starting wrf task           51  of           80
 starting wrf task           75  of           80
 starting wrf task           29  of           80
 starting wrf task           57  of           80
 starting wrf task           77  of           80
 starting wrf task           30  of           80
 starting wrf task           58  of           80
 starting wrf task           31  of           80
 starting wrf task           41  of           80
 starting wrf task           60  of           80
 starting wrf task           43  of           80
 starting wrf task           61  of           80
 starting wrf task           32  of           80
 starting wrf task           44  of           80
 starting wrf task           62  of           80
 starting wrf task           33  of           80
 starting wrf task           34  of           80
 starting wrf task           63  of           80
 starting wrf task           45  of           80
 starting wrf task           64  of           80
 starting wrf task           35  of           80
 starting wrf task           48  of           80
 starting wrf task           65  of           80
 starting wrf task           37  of           80
 starting wrf task           53  of           80
 starting wrf task           66  of           80
 starting wrf task           38  of           80
 starting wrf task           54  of           80
 starting wrf task           67  of           80
 starting wrf task           39  of           80
 starting wrf task           55  of           80
 starting wrf task           68  of           80
 starting wrf task           21  of           80
 starting wrf task           56  of           80
 starting wrf task           69  of           80
 starting wrf task           26  of           80
 starting wrf task           59  of           80
 starting wrf task           36  of           80
 starting wrf task           40  of           80
 starting wrf task           42  of           80
 starting wrf task           52  of           80
slurmstepd: *** JOB 542192 CANCELLED AT 2016-03-14T17:59:07 *** on n0144.savio0
mpirun: killing job...

