 starting wrf task            1  of           20
 starting wrf task            4  of           20
 starting wrf task            5  of           20
 starting wrf task            7  of           20
 starting wrf task            8  of           20
 starting wrf task            9  of           20
 starting wrf task           10  of           20
 starting wrf task           11  of           20
 starting wrf task           12  of           20
 starting wrf task           13  of           20
 starting wrf task           15  of           20
 starting wrf task           16  of           20
 starting wrf task           17  of           20
 starting wrf task           18  of           20
 starting wrf task           19  of           20
 starting wrf task            0  of           20
 starting wrf task            2  of           20
 starting wrf task            3  of           20
 starting wrf task            6  of           20
 starting wrf task           14  of           20
